0 verbose cli /Users/akayr/.nvm/versions/node/v24.12.0/bin/node /Users/akayr/.nvm/versions/node/v24.12.0/bin/npm
1 info using npm@11.6.2
2 info using node@v24.12.0
3 silly config load:file:/Users/akayr/.nvm/versions/node/v24.12.0/lib/node_modules/npm/npmrc
4 silly config load:file:/Users/akayr/Downloads/TRACKER/Tracker/.npmrc
5 silly config load:file:/Users/akayr/.npmrc
6 silly config load:file:/Users/akayr/.nvm/versions/node/v24.12.0/etc/npmrc
7 verbose title npm install @supabase/supabase-js
8 verbose argv "install" "@supabase/supabase-js"
9 verbose logfile logs-max:10 dir:/Users/akayr/Downloads/TRACKER/Tracker/.npm-cache/_logs/2026-04-28T03_52_31_624Z-
10 verbose logfile /Users/akayr/Downloads/TRACKER/Tracker/.npm-cache/_logs/2026-04-28T03_52_31_624Z-debug-0.log
11 silly logfile done cleaning log files
12 silly packumentCache heap:4496293888 maxSize:1124073472 maxEntrySize:562036736
13 verbose shrinkwrap failed to load node_modules/.package-lock.json out of date, updated: node_modules
14 silly idealTree buildDeps
15 silly fetch manifest @supabase/supabase-js@*
16 silly packumentCache full:https://registry.npmjs.org/@supabase%2fsupabase-js cache-miss
17 http fetch GET 200 https://registry.npmjs.org/npm 1358ms
18 http fetch GET 200 https://registry.npmjs.org/@supabase%2fsupabase-js 1372ms (cache miss)
19 silly packumentCache full:https://registry.npmjs.org/@supabase%2fsupabase-js set size:undefined disposed:false
20 silly placeDep ROOT @supabase/supabase-js@2.105.0 OK for:  want: *
21 silly fetch manifest @supabase/auth-js@2.105.0
22 silly packumentCache full:https://registry.npmjs.org/@supabase%2fauth-js cache-miss
23 silly fetch manifest @supabase/functions-js@2.105.0
24 silly packumentCache full:https://registry.npmjs.org/@supabase%2ffunctions-js cache-miss
25 silly fetch manifest @supabase/postgrest-js@2.105.0
26 silly packumentCache full:https://registry.npmjs.org/@supabase%2fpostgrest-js cache-miss
27 silly fetch manifest @supabase/realtime-js@2.105.0
28 silly packumentCache full:https://registry.npmjs.org/@supabase%2frealtime-js cache-miss
29 silly fetch manifest @supabase/storage-js@2.105.0
30 silly packumentCache full:https://registry.npmjs.org/@supabase%2fstorage-js cache-miss
31 http fetch GET 200 https://registry.npmjs.org/@supabase%2fauth-js 926ms (cache miss)
32 silly packumentCache full:https://registry.npmjs.org/@supabase%2fauth-js set size:undefined disposed:false
33 http fetch GET 200 https://registry.npmjs.org/@supabase%2fstorage-js 1251ms (cache miss)
34 silly packumentCache full:https://registry.npmjs.org/@supabase%2fstorage-js set size:undefined disposed:false
35 http fetch GET 200 https://registry.npmjs.org/@supabase%2frealtime-js 1285ms (cache miss)
36 silly packumentCache full:https://registry.npmjs.org/@supabase%2frealtime-js set size:undefined disposed:false
37 http fetch GET 200 https://registry.npmjs.org/@supabase%2ffunctions-js 1547ms (cache miss)
38 silly packumentCache full:https://registry.npmjs.org/@supabase%2ffunctions-js set size:undefined disposed:false
39 http fetch GET 200 https://registry.npmjs.org/@supabase%2fpostgrest-js 1745ms (cache miss)
40 silly packumentCache full:https://registry.npmjs.org/@supabase%2fpostgrest-js set size:undefined disposed:false
41 silly placeDep ROOT @supabase/auth-js@2.105.0 OK for: @supabase/supabase-js@2.105.0 want: 2.105.0
42 silly placeDep ROOT @supabase/functions-js@2.105.0 OK for: @supabase/supabase-js@2.105.0 want: 2.105.0
43 silly placeDep ROOT @supabase/postgrest-js@2.105.0 OK for: @supabase/supabase-js@2.105.0 want: 2.105.0
44 silly placeDep ROOT @supabase/realtime-js@2.105.0 OK for: @supabase/supabase-js@2.105.0 want: 2.105.0
45 silly placeDep ROOT @supabase/storage-js@2.105.0 OK for: @supabase/supabase-js@2.105.0 want: 2.105.0
46 silly fetch manifest @supabase/phoenix@^0.4.0
47 silly packumentCache full:https://registry.npmjs.org/@supabase%2fphoenix cache-miss
48 silly fetch manifest @types/ws@^8.18.1
49 silly packumentCache full:https://registry.npmjs.org/@types%2fws cache-miss
50 silly fetch manifest ws@^8.18.2
51 silly packumentCache full:https://registry.npmjs.org/ws cache-miss
52 silly fetch manifest iceberg-js@^0.8.1
53 silly packumentCache full:https://registry.npmjs.org/iceberg-js cache-miss
54 http fetch GET 200 https://registry.npmjs.org/@types%2fws 112ms (cache miss)
55 silly packumentCache full:https://registry.npmjs.org/@types%2fws set size:undefined disposed:false
56 http fetch GET 200 https://registry.npmjs.org/ws 127ms (cache miss)
57 silly packumentCache full:https://registry.npmjs.org/ws set size:undefined disposed:false
58 http fetch GET 200 https://registry.npmjs.org/iceberg-js 381ms (cache miss)
59 silly packumentCache full:https://registry.npmjs.org/iceberg-js set size:undefined disposed:false
60 http fetch GET 200 https://registry.npmjs.org/@supabase%2fphoenix 905ms (cache miss)
61 silly packumentCache full:https://registry.npmjs.org/@supabase%2fphoenix set size:undefined disposed:false
62 silly fetch manifest bufferutil@^4.0.1
63 silly packumentCache full:https://registry.npmjs.org/bufferutil cache-miss
64 http fetch GET 200 https://registry.npmjs.org/bufferutil 91ms (cache miss)
65 silly packumentCache full:https://registry.npmjs.org/bufferutil set size:undefined disposed:false
66 silly fetch manifest utf-8-validate@>=5.0.2
67 silly packumentCache full:https://registry.npmjs.org/utf-8-validate cache-miss
68 http fetch GET 200 https://registry.npmjs.org/utf-8-validate 73ms (cache miss)
69 silly packumentCache full:https://registry.npmjs.org/utf-8-validate set size:undefined disposed:false
70 silly placeDep ROOT @supabase/phoenix@0.4.0 OK for: @supabase/realtime-js@2.105.0 want: ^0.4.0
71 silly placeDep ROOT @types/ws@8.18.1 OK for: @supabase/realtime-js@2.105.0 want: ^8.18.1
72 silly placeDep ROOT ws@8.20.0 OK for: @supabase/realtime-js@2.105.0 want: ^8.18.2
73 silly fetch manifest @types/node@*
74 silly packumentCache full:https://registry.npmjs.org/@types%2fnode cache-miss
75 http fetch GET 200 https://registry.npmjs.org/@types%2fnode 351ms (cache miss)
76 silly packumentCache full:https://registry.npmjs.org/@types%2fnode set size:undefined disposed:false
77 silly placeDep ROOT iceberg-js@0.8.1 OK for: @supabase/storage-js@2.105.0 want: ^0.8.1
78 silly placeDep ROOT @types/node@25.6.0 OK for: @types/ws@8.18.1 want: *
79 silly fetch manifest undici-types@~7.19.0
80 silly packumentCache full:https://registry.npmjs.org/undici-types cache-miss
81 http fetch GET 200 https://registry.npmjs.org/undici-types 89ms (cache miss)
82 silly packumentCache full:https://registry.npmjs.org/undici-types set size:undefined disposed:false
83 silly placeDep ROOT undici-types@7.19.2 OK for: @types/node@25.6.0 want: ~7.19.0
84 silly reify moves {}
85 silly audit bulk request {
85 silly audit   '@next/env': [ '14.2.35' ],
85 silly audit   '@next/swc-darwin-arm64': [ '14.2.33' ],
85 silly audit   '@next/swc-darwin-x64': [ '14.2.33' ],
85 silly audit   '@next/swc-linux-arm64-gnu': [ '14.2.33' ],
85 silly audit   '@next/swc-linux-arm64-musl': [ '14.2.33' ],
85 silly audit   '@next/swc-linux-x64-gnu': [ '14.2.33' ],
85 silly audit   '@next/swc-linux-x64-musl': [ '14.2.33' ],
85 silly audit   '@next/swc-win32-arm64-msvc': [ '14.2.33' ],
85 silly audit   '@next/swc-win32-ia32-msvc': [ '14.2.33' ],
85 silly audit   '@next/swc-win32-x64-msvc': [ '14.2.33' ],
85 silly audit   '@swc/counter': [ '0.1.3' ],
85 silly audit   '@swc/helpers': [ '0.5.5' ],
85 silly audit   busboy: [ '1.6.0' ],
85 silly audit   'caniuse-lite': [ '1.0.30001791' ],
85 silly audit   'client-only': [ '0.0.1' ],
85 silly audit   'framer-motion': [ '11.18.2' ],
85 silly audit   'graceful-fs': [ '4.2.11' ],
85 silly audit   'js-tokens': [ '4.0.0' ],
85 silly audit   'loose-envify': [ '1.4.0' ],
85 silly audit   'motion-dom': [ '11.18.1' ],
85 silly audit   'motion-utils': [ '11.18.1' ],
85 silly audit   nanoid: [ '3.3.11' ],
85 silly audit   next: [ '14.2.35' ],
85 silly audit   picocolors: [ '1.1.1' ],
85 silly audit   postcss: [ '8.4.31' ],
85 silly audit   react: [ '18.3.1' ],
85 silly audit   'react-dom': [ '18.3.1' ],
85 silly audit   scheduler: [ '0.23.2' ],
85 silly audit   'source-map-js': [ '1.2.1' ],
85 silly audit   streamsearch: [ '1.1.0' ],
85 silly audit   'styled-jsx': [ '5.1.1' ],
85 silly audit   tslib: [ '2.8.1' ],
85 silly audit   'use-sync-external-store': [ '1.6.0' ],
85 silly audit   zustand: [ '4.5.7' ],
85 silly audit   '@supabase/supabase-js': [ '2.105.0' ],
85 silly audit   '@supabase/auth-js': [ '2.105.0' ],
85 silly audit   '@supabase/functions-js': [ '2.105.0' ],
85 silly audit   '@supabase/postgrest-js': [ '2.105.0' ],
85 silly audit   '@supabase/realtime-js': [ '2.105.0' ],
85 silly audit   '@supabase/storage-js': [ '2.105.0' ],
85 silly audit   '@supabase/phoenix': [ '0.4.0' ],
85 silly audit   '@types/ws': [ '8.18.1' ],
85 silly audit   ws: [ '8.20.0' ],
85 silly audit   'iceberg-js': [ '0.8.1' ],
85 silly audit   '@types/node': [ '25.6.0' ],
85 silly audit   'undici-types': [ '7.19.2' ]
85 silly audit }
86 http cache ws@https://registry.npmjs.org/ws/-/ws-8.20.0.tgz 0ms (cache hit)
87 http cache iceberg-js@https://registry.npmjs.org/iceberg-js/-/iceberg-js-0.8.1.tgz 0ms (cache hit)
88 http cache @types/node@https://registry.npmjs.org/@types/node/-/node-25.6.0.tgz 0ms (cache hit)
89 http cache @supabase/realtime-js@https://registry.npmjs.org/@supabase/realtime-js/-/realtime-js-2.105.0.tgz 0ms (cache hit)
90 http cache @supabase/phoenix@https://registry.npmjs.org/@supabase/phoenix/-/phoenix-0.4.0.tgz 0ms (cache hit)
91 http cache @supabase/postgrest-js@https://registry.npmjs.org/@supabase/postgrest-js/-/postgrest-js-2.105.0.tgz 0ms (cache hit)
92 http cache @types/ws@https://registry.npmjs.org/@types/ws/-/ws-8.18.1.tgz 0ms (cache hit)
93 http cache undici-types@https://registry.npmjs.org/undici-types/-/undici-types-7.19.2.tgz 0ms (cache hit)
94 http cache @supabase/auth-js@https://registry.npmjs.org/@supabase/auth-js/-/auth-js-2.105.0.tgz 0ms (cache hit)
95 http cache @supabase/storage-js@https://registry.npmjs.org/@supabase/storage-js/-/storage-js-2.105.0.tgz 0ms (cache hit)
96 http cache @supabase/supabase-js@https://registry.npmjs.org/@supabase/supabase-js/-/supabase-js-2.105.0.tgz 0ms (cache hit)
97 http cache @supabase/functions-js@https://registry.npmjs.org/@supabase/functions-js/-/functions-js-2.105.0.tgz 0ms (cache hit)
98 silly tarball no local data for ws@https://registry.npmjs.org/ws/-/ws-8.20.0.tgz. Extracting by manifest.
99 silly tarball no local data for iceberg-js@https://registry.npmjs.org/iceberg-js/-/iceberg-js-0.8.1.tgz. Extracting by manifest.
100 silly tarball no local data for @types/node@https://registry.npmjs.org/@types/node/-/node-25.6.0.tgz. Extracting by manifest.
101 silly tarball no local data for @supabase/realtime-js@https://registry.npmjs.org/@supabase/realtime-js/-/realtime-js-2.105.0.tgz. Extracting by manifest.
102 silly tarball no local data for @supabase/phoenix@https://registry.npmjs.org/@supabase/phoenix/-/phoenix-0.4.0.tgz. Extracting by manifest.
103 silly tarball no local data for @supabase/postgrest-js@https://registry.npmjs.org/@supabase/postgrest-js/-/postgrest-js-2.105.0.tgz. Extracting by manifest.
104 silly tarball no local data for @types/ws@https://registry.npmjs.org/@types/ws/-/ws-8.18.1.tgz. Extracting by manifest.
105 silly tarball no local data for undici-types@https://registry.npmjs.org/undici-types/-/undici-types-7.19.2.tgz. Extracting by manifest.
106 silly tarball no local data for @supabase/auth-js@https://registry.npmjs.org/@supabase/auth-js/-/auth-js-2.105.0.tgz. Extracting by manifest.
107 silly tarball no local data for @supabase/storage-js@https://registry.npmjs.org/@supabase/storage-js/-/storage-js-2.105.0.tgz. Extracting by manifest.
108 silly tarball no local data for @supabase/supabase-js@https://registry.npmjs.org/@supabase/supabase-js/-/supabase-js-2.105.0.tgz. Extracting by manifest.
109 silly tarball no local data for @supabase/functions-js@https://registry.npmjs.org/@supabase/functions-js/-/functions-js-2.105.0.tgz. Extracting by manifest.
110 http fetch GET 200 https://registry.npmjs.org/ws/-/ws-8.20.0.tgz 102ms (cache miss)
111 http fetch GET 200 https://registry.npmjs.org/iceberg-js/-/iceberg-js-0.8.1.tgz 103ms (cache miss)
112 http fetch GET 200 https://registry.npmjs.org/@types/node/-/node-25.6.0.tgz 117ms (cache miss)
113 http fetch GET 200 https://registry.npmjs.org/undici-types/-/undici-types-7.19.2.tgz 266ms (cache miss)
114 http fetch POST 200 https://registry.npmjs.org/-/npm/v1/security/advisories/bulk 315ms
115 silly audit report {
115 silly audit report   next: [
115 silly audit report     {
115 silly audit report       id: 1112593,
115 silly audit report       url: 'https://github.com/advisories/GHSA-9g9p-9gw9-jx7f',
115 silly audit report       title: 'Next.js self-hosted applications vulnerable to DoS via Image Optimizer remotePatterns configuration',
115 silly audit report       severity: 'moderate',
115 silly audit report       vulnerable_versions: '>=10.0.0 <15.5.10',
115 silly audit report       cwe: [Array],
115 silly audit report       cvss: [Object]
115 silly audit report     },
115 silly audit report     {
115 silly audit report       id: 1112653,
115 silly audit report       url: 'https://github.com/advisories/GHSA-h25m-26qc-wcjf',
115 silly audit report       title: 'Next.js HTTP request deserialization can lead to DoS when using insecure React Server Components',
115 silly audit report       severity: 'high',
115 silly audit report       vulnerable_versions: '>=13.0.0 <15.0.8',
115 silly audit report       cwe: [Array],
115 silly audit report       cvss: [Object]
115 silly audit report     },
115 silly audit report     {
115 silly audit report       id: 1114897,
115 silly audit report       url: 'https://github.com/advisories/GHSA-ggv3-7p47-pfv8',
115 silly audit report       title: 'Next.js: HTTP request smuggling in rewrites',
115 silly audit report       severity: 'moderate',
115 silly audit report       vulnerable_versions: '>=9.5.0 <15.5.13',
115 silly audit report       cwe: [Array],
115 silly audit report       cvss: [Object]
115 silly audit report     },
115 silly audit report     {
115 silly audit report       id: 1114940,
115 silly audit report       url: 'https://github.com/advisories/GHSA-3x4c-7xq6-9pq8',
115 silly audit report       title: 'Next.js: Unbounded next/image disk cache growth can exhaust storage',
115 silly audit report       severity: 'moderate',
115 silly audit report       vulnerable_versions: '>=10.0.0 <15.5.14',
115 silly audit report       cwe: [Array],
115 silly audit report       cvss: [Object]
115 silly audit report     },
115 silly audit report     {
115 silly audit report       id: 1116376,
115 silly audit report       url: 'https://github.com/advisories/GHSA-q4gf-8mx6-v5v3',
115 silly audit report       title: 'Next.js has a Denial of Service with Server Components',
115 silly audit report       severity: 'high',
115 silly audit report       vulnerable_versions: '>=13.0.0 <15.5.15',
115 silly audit report       cwe: [Array],
115 silly audit report       cvss: [Object]
115 silly audit report     }
115 silly audit report   ],
115 silly audit report   postcss: [
115 silly audit report     {
115 silly audit report       id: 1117015,
115 silly audit report       url: 'https://github.com/advisories/GHSA-qx2v-qp2m-jg93',
115 silly audit report       title: 'PostCSS has XSS via Unescaped </style> in its CSS Stringify Output',
115 silly audit report       severity: 'moderate',
115 silly audit report       vulnerable_versions: '<8.5.10',
115 silly audit report       cwe: [Array],
115 silly audit report       cvss: [Object]
115 silly audit report     }
115 silly audit report   ]
115 silly audit report }
116 silly packumentCache corgi:https://registry.npmjs.org/next cache-miss
117 silly packumentCache corgi:https://registry.npmjs.org/postcss cache-miss
118 http fetch GET 200 https://registry.npmjs.org/postcss 166ms (cache miss)
119 silly packumentCache corgi:https://registry.npmjs.org/postcss set size:undefined disposed:false
120 http fetch GET 200 https://registry.npmjs.org/@supabase/realtime-js/-/realtime-js-2.105.0.tgz 512ms (cache miss)
121 http fetch GET 200 https://registry.npmjs.org/@types/ws/-/ws-8.18.1.tgz 561ms (cache miss)
122 http fetch GET 200 https://registry.npmjs.org/@supabase/phoenix/-/phoenix-0.4.0.tgz 570ms (cache miss)
123 http fetch GET 200 https://registry.npmjs.org/@supabase/postgrest-js/-/postgrest-js-2.105.0.tgz 731ms (cache miss)
124 http fetch GET 200 https://registry.npmjs.org/@supabase/functions-js/-/functions-js-2.105.0.tgz 824ms (cache miss)
125 http fetch GET 200 https://registry.npmjs.org/next 578ms (cache miss)
126 silly packumentCache corgi:https://registry.npmjs.org/next set size:undefined disposed:false
127 http fetch GET 200 https://registry.npmjs.org/@supabase/auth-js/-/auth-js-2.105.0.tgz 1438ms (cache miss)
128 http fetch GET 200 https://registry.npmjs.org/@supabase/supabase-js/-/supabase-js-2.105.0.tgz 1444ms (cache miss)
129 http fetch GET 200 https://registry.npmjs.org/@supabase/storage-js/-/storage-js-2.105.0.tgz 1445ms (cache miss)
130 silly ADD node_modules/undici-types
131 silly ADD node_modules/@types/node
132 silly ADD node_modules/iceberg-js
133 silly ADD node_modules/ws
134 silly ADD node_modules/@types/ws
135 silly ADD node_modules/@supabase/phoenix
136 silly ADD node_modules/@supabase/storage-js
137 silly ADD node_modules/@supabase/realtime-js
138 silly ADD node_modules/@supabase/postgrest-js
139 silly ADD node_modules/@supabase/functions-js
140 silly ADD node_modules/@supabase/auth-js
141 silly ADD node_modules/@supabase/supabase-js
142 verbose cwd /Users/akayr/Downloads/TRACKER/Tracker
143 verbose os Darwin 25.4.0
144 verbose node v24.12.0
145 verbose npm  v11.6.2
146 notice
146 notice New [33mminor[39m version of npm available! [33m11.6.2[39m -> [34m11.13.0[39m
146 notice Changelog: [34mhttps://github.com/npm/cli/releases/tag/v11.13.0[39m
146 notice To update run: [4mnpm install -g npm@11.13.0[24m
146 notice  { force: true, Symbol(proc-log.meta): true }
147 verbose exit 0
148 info ok
